LITBOOL(true)
LITBOOL(false)
LITDEC(321)
LITDEC(566974)
LITDEC(1)
LITDEC(2)
LITDEC(3)
LITDEC(4)
LITDEC(5)
LITDEC(6)
LITDEC(7)
LITDEC(8)
LITDEC(9)
LITDEC(10)
