LITCHAR(')
LITCHAR(\)
LITSTR( "\" )
LITDEC(1234)
LITDEC(456789)
