if
LITCHAR(c)
==
LITCHAR(')
{
LITSTR(Hello world)
}
