fn
ID(foo)
(
)
->
!
{
let
ID(x)
=
LITDEC(0)
;
loop
{
ID(x)
+
LITDEC(1)
;
}
}
fn
ID(main)
(
)
{
let
mut
ID(count)
=
LITDEC(32)
;
loop
{
ID(count)
+=
LITDEC(1)
;
if
ID(count)
==
LITDEC(3)
{
continue
;
}
if
ID(count)
==
LITDEC(5)
{
break
;
}
}
let
mut
ID(i)
=
LITDEC(0)
;
while
ID(i)
<
LITDEC(10)
{
ID(i)
+=
LITDEC(1)
;
}
}
