abstract
alignof
as
be
box
break
const
continue
crate
do
else
enum
extern
final
fn
for
if
impl
in
let
loop
macro
macro_rules
match
mod
move
mut
offsetof
override
priv
pub
pure
ref
return
sizeof
static
self
struct
super
trait
type
typeof
unsafe
unsized
use
virtual
where
while
yield
