(
ID(abc)
,
ID(ABC)
,
ID(abc123)
,
ID(abc_123)
,
ID(_123abc_)
)
