LITCHAR(H)
LITCHAR(')
LITCHAR(\)
;
LITSTR(Hello)
LITSTR( "\" )
LITSTR(123 abc)
;
LITDEC(123)
LITDEC(123456)
;
LITBOOL(true)
LITBOOL(false)
;
