(crate
    (items
        (struct-def
            (id
                (Point))
            (field-defs
                (field-def
                    (id
                        (x))
                    (type-i32))
                (field-def
                    (id
                        (y))
                    (type-i32))
                (field-def
                    (id
                        (z))
                    (type-i32))))
        (struct-def
            (id
                (Dog))
            (field-defs
                (field-def
                    (id
                        (color))
                    (type-i32))
                (field-def
                    (id
                        (model))
                    (type-i32))
                (field-def
                    (id
                        (width))
                    (type-i32))
                (field-def
                    (id
                        (tailless))
                    (type-bool))))))