(crate
    (items
        (struct-def
            (id
                (Point))
            (struct-field-defs
                (struct-field-def
                    (id
                        (x))
                    (type-i32))
                (struct-field-def
                    (id
                        (y))
                    (type-i32))
                (struct-field-def
                    (id
                        (z))
                    (type-i32))))
        (struct-def
            (id
                (Dog))
            (struct-field-defs
                (struct-field-def
                    (id
                        (Color))
                    (type-i32))
                (struct-field-def
                    (id
                        (Model))
                    (type-i32))
                (struct-field-def
                    (id
                        (Width))
                    (type-i32))
                (struct-field-def
                    (id
                        (Tailless))
                    (type-bool))))))