(crate
    (items
        (fn-def
            (id
                (foo))
            (fn-params
                (fn-param
                    (pat-id
                        (id
                            (x)))
                    (type-i32))
                (fn-param
                    (pat-id
                        (id
                            (y)))
                    (type-i32))
                (fn-param
                    (pat-id
                        (id
                            (b)))
                    (type-bool)))
            (block
                (loop
                    (block))))
        (fn-def
            (id
                (bar))
            (fn-params
                (fn-param
                    (pat-id
                        (id
                            (a)))
                    (type-bool))
                (fn-param
                    (pat-id
                        (id
                            (b)))
                    (type-box
                        (type-bool)))
                (fn-param
                    (pat-id
                        (id
                            (c)))
                    (type-i32)))
            (type-box
                (type-i32))
            (block
                (return
                    (box-new
                        (exprs
                            (lit-dec))))))
        (struct-def
            (id
                (Point))
            (struct-field-defs
                (struct-field-def
                    (id
                        (x))
                    (type-i32))
                (struct-field-def
                    (id
                        (y))
                    (type-i32))))
        (fn-def
            (id
                (baz))
            (fn-params
                (fn-param
                    (pat-id
                        (id
                            (x)))
                    (id
                        (Point))))
            (type-i32)
            (block
                (field-lookup
                    (id
                        (x))
                    (id
                        (x)))))
        (fn-def
            (id
                (main))
            (block))))