(crate
    (items
        (struct-def
            (id
                (Point))
            (field-defs
                (field-def
                    (id
                        (x))
                    (type-i32))
                (field-def
                    (id
                        (y))
                    (type-i32))
                (field-def
                    (id
                        (z))
                    (type-i32))))
        (struct-def
            (id
                (Dog))
            (field-defs
                (field-def
                    (id
                        (loc))
                    (id
                        (Point)))
                (field-def
                    (id
                        (tailless))
                    (type-bool))))
        (fn-def
            (id
                (main))
            (block
                (let
                    (pat-id
                        (id
                            (p)))
                    (id
                        (Point))
                    (struct
                        (id
                            (Point))
                        (field-inits
                            (field-init
                                (id
                                    (x))
                                (lit-dec))
                            (field-init
                                (id
                                    (y))
                                (lit-dec))
                            (field-init
                                (id
                                    (z))
                                (lit-dec)))))
                (let
                    (pat-id
                        (id
                            (d)))
                    (id
                        (Dog))
                    (struct
                        (id
                            (Dog))
                        (field-inits
                            (field-init
                                (id
                                    (loc))
                                (id
                                    (p)))
                            (field-init
                                (id
                                    (tailless))
                                (false)))))))))