(crate
    (items
        (enum-def
            (id
                (Lst))
            (enum-ctor-defs
                (enum-ctor-def
                    (id
                        (Empty)))
                (enum-ctor-def
                    (id
                        (Cons))
                    (enum-ctor-params
                        (type-i32)
                        (type-box
                            (id
                                (Lst)))))))
        (fn-def
            (id
                (main))
            (block
                (let
                    (pat-id
                        (id
                            (a)))
                    (arr
                        (exprs
                            (lit-dec)
                            (lit-dec)
                            (lit-dec))))
                (let
                    (pat-arr
                        (pat-arr-elems
                            (pat-mut-id
                                (id
                                    (x)))
                            (pat-id
                                (id
                                    (y)))
                            (pat-id
                                (id
                                    (z)))))
                    (id
                        (a)))
                (let
                    (pat-id
                        (id
                            (list)))
                    (enum
                        (enum-ctor
                            (id
                                (Lst))
                            (id
                                (Cons)))
                        (exprs
                            (lit-dec)
                            (box-new
                                (exprs
                                    (enum
                                        (enum-ctor
                                            (id
                                                (Lst))
                                            (id
                                                (Cons)))
                                        (exprs
                                            (lit-dec)
                                            (box-new
                                                (exprs
                                                    (enum
                                                        (enum-ctor
                                                            (id
                                                                (Lst))
                                                            (id
                                                                (Cons)))
                                                        (exprs
                                                            (lit-dec)
                                                            (box-new
                                                                (exprs
                                                                    (enum
                                                                        (enum-ctor
                                                                            (id
                                                                                (Lst))
                                                                            (id
                                                                                (Empty)))))))))))))))))
                (match
                    (id
                        (list))
                    (match-arms
                        (match-arm
                            (pats
                                (pat-enum
                                    (enum-ctor
                                        (id
                                            (Lst))
                                        (id
                                            (Empty)))))
                            (block
                                (lit-str)))
                        (match-arm
                            (pats
                                (pat-enum
                                    (enum-ctor
                                        (id
                                            (Lst))
                                        (id
                                            (Cons)))
                                    (pat-enum-ctor-params
                                        (pat-wild)
                                        (pat-id
                                            (id
                                                (l))))))
                            (block
                                (lit-str)))))))))