(crate
    (items
        (enum-def
            (id
                (Colors))
            (enum-ctor-defs
                (enum-ctor-def
                    (id
                        (Red)))
                (enum-ctor-def
                    (id
                        (Blue)))
                (enum-ctor-def
                    (id
                        (Green)))))
        (enum-def
            (id
                (Numbers))
            (enum-ctor-defs
                (enum-ctor-def
                    (id
                        (One)))
                (enum-ctor-def
                    (id
                        (Two)))
                (enum-ctor-def
                    (id
                        (Three)))))
        (enum-def
            (id
                (ABCs))
            (enum-ctor-defs
                (enum-ctor-def
                    (id
                        (A)))
                (enum-ctor-def
                    (id
                        (B)))
                (enum-ctor-def
                    (id
                        (C)))))))