(crate
    (items
        (struct-def
            (id
                (Point))
            (struct-field-defs
                (struct-field-def
                    (id
                        (x))
                    (type-i32))
                (struct-field-def
                    (id
                        (y))
                    (type-i32))
                (struct-field-def
                    (id
                        (z))
                    (type-i32))))
        (fn-def
            (id
                (main))
            (block
                (let
                    (pat-id
                        (id
                            (p)))
                    (struct
                        (id
                            (Point))
                        (field-inits
                            (field-init
                                (id
                                    (x))
                                (lit-dec))
                            (field-init
                                (id
                                    (y))
                                (lit-dec))
                            (field-init
                                (id
                                    (z))
                                (lit-dec)))))
                (let
                    (pat-struct
                        (id
                            (Point))
                        (pat-struct-fields
                            (pat-field
                                (id
                                    (x))
                                (pat-wild))
                            (pat-field
                                (id
                                    (y))
                                (pat-wild))
                            (pat-field
                                (id
                                    (z))
                                (pat-id
                                    (id
                                        (z))))))
                    (id
                        (p)))
                (let
                    (pat-id
                        (id
                            (x)))
                    (match
                        (id
                            (p))
                        (match-arms
                            (match-arm
                                (pats
                                    (pat-struct
                                        (id
                                            (Point))
                                        (pat-struct-fields
                                            (pat-field
                                                (id
                                                    (x))
                                                (pat-lit
                                                    (lit-dec)))
                                            (pat-field
                                                (id
                                                    (y))
                                                (pat-lit
                                                    (lit-dec)))
                                            (pat-field
                                                (id
                                                    (z))
                                                (pat-lit
                                                    (lit-dec))))))
                                (block
                                    (id
                                        (z))))
                            (match-arm
                                (pats
                                    (pat-struct
                                        (id
                                            (Point))
                                        (pat-struct-fields
                                            (pat-field
                                                (id
                                                    (x))
                                                (pat-wild))
                                            (pat-field
                                                (id
                                                    (y))
                                                (pat-lit
                                                    (lit-dec)))
                                            (pat-field
                                                (id
                                                    (z))
                                                (pat-wild)))))
                                (block
                                    (lit-dec)))
                            (match-arm
                                (pats
                                    (pat-struct
                                        (id
                                            (Point))
                                        (pat-struct-fields
                                            (pat-field
                                                (id
                                                    (x))
                                                (pat-mut-id
                                                    (id
                                                        (a))))
                                            (pat-field
                                                (id
                                                    (y))
                                                (pat-id
                                                    (id
                                                        (b))))
                                            (pat-field
                                                (id
                                                    (z))
                                                (pat-id
                                                    (id
                                                        (c)))))))
                                (block
                                    (assign
                                        (id
                                            (a))
                                        (id
                                            (b)))
                                    (add
                                        (add
                                            (id
                                                (a))
                                            (id
                                                (b)))
                                        (id
                                            (c))))))))))))