(crate
    (items
        (fn-def
            (id
                (main))
            (block
                (let
                    (pat-id
                        (id
                            (a)))
                    (type-i32)
                    (lit-dec))
                (let
                    (pat-id
                        (id
                            (b)))
                    (type-i32)
                    (neg
                        (lit-dec)))
                (or
                    (or
                        (or
                            (or
                                (lt
                                    (lit-dec)
                                    (lit-dec))
                                (gt
                                    (lit-dec)
                                    (neg
                                        (lit-dec))))
                            (leq
                                (id
                                    (a))
                                (id
                                    (b))))
                        (geq
                            (id
                                (a))
                            (add
                                (neg
                                    (id
                                        (b)))
                                (lit-dec))))
                    (eq
                        (add
                            (lit-dec)
                            (lit-dec))
                        (mul
                            (lit-dec)
                            (lit-dec))))
                (sub
                    (add
                        (lit-dec)
                        (lit-dec))
                    (rem
                        (div
                            (mul
                                (lit-dec)
                                (lit-dec))
                            (lit-dec))
                        (lit-dec)))
                (sub
                    (add
                        (neg
                            (lit-dec))
                        (neg
                            (lit-dec)))
                    (rem
                        (div
                            (mul
                                (neg
                                    (lit-dec))
                                (neg
                                    (lit-dec)))
                            (neg
                                (lit-dec)))
                        (neg
                            (lit-dec))))
                (rem
                    (div
                        (mul
                            (sub
                                (add
                                    (neg
                                        (id
                                            (a)))
                                    (neg
                                        (id
                                            (b))))
                                (neg
                                    (id
                                        (a))))
                            (neg
                                (id
                                    (b))))
                        (neg
                            (id
                                (a))))
                    (neg
                        (id
                            (b))))
                (or
                    (eq
                        (lit-dec)
                        (lit-dec))
                    (neq
                        (id
                            (a))
                        (id
                            (b))))))))