(crate
    (items
        (fn-def
            (id
                (main))
            (block
                (let
                    (pat-id
                        (id
                            (a)))
                    (type-arr
                        (type-bool)
                        (lit-dec))
                    (arr
                        (exprs
                            (true)
                            (false)
                            (false))))
                (let
                    (pat-id
                        (id
                            (x)))
                    (arr-index
                        (id
                            (a))
                        (lit-dec)))
                (arr-index
                    (id
                        (a))
                    (lit-dec))
                (arr-index
                    (id
                        (a))
                    (sub
                        (lit-dec)
                        (lit-dec)))
                (arr-index
                    (id
                        (a))
                    (if
                        (arr-index
                            (id
                                (a))
                            (lit-dec))
                        (block
                            (lit-dec))
                        (block
                            (lit-dec))))))))