(crate
    (items
        (fn-def
            (id
                (foo))
            (type-arr
                (type-arr
                    (type-i32)
                    (lit-dec))
                (lit-dec))
            (block
                (arr
                    (exprs
                        (arr
                            (exprs
                                (lit-dec)))
                        (arr
                            (exprs
                                (lit-dec)))
                        (arr
                            (exprs
                                (lit-dec)))
                        (arr
                            (exprs
                                (lit-dec)))))))
        (fn-def
            (id
                (main))
            (block
                (let
                    (pat-id
                        (id
                            (x)))
                    (type-i32)
                    (arr-index
                        (arr-index
                            (fn-call
                                (id
                                    (foo))
                                ())
                            (lit-dec))
                        (lit-dec)))))))