(crate
    (items
        (fn-def
            (id
                (main))
            (block
                (if
                    (true)
                    (block
                        (if
                            (false)
                            (block
                                (lit-dec)
                                (lit-dec)
                                (lit-dec)))
                        (if
                            (true)
                            (block
                                (lit-dec)
                                (lit-dec)
                                (lit-dec)))))
                (if
                    (true)
                    (block
                        (if
                            (false)
                            (block
                                (lit-dec)
                                (lit-dec)
                                (lit-dec))
                            (block
                                (lit-dec)
                                (lit-dec)
                                (lit-dec))))
                    (block
                        (lit-dec)
                        (lit-dec)
                        (lit-dec)))))))