(crate
    (items
        (fn-def
            (id
                (main))
            (block
                (let
                    (pat-mut-id
                        (id
                            (y)))
                    (type-i32)
                    (neg
                        (lit-dec)))
                (match
                    (id
                        (y))
                    (match-arms
                        (match-arm
                            (pats
                                (pat-lit
                                    (lit-dec))
                                (pat-lit
                                    (lit-dec))
                                (pat-lit
                                    (lit-dec)))
                            (block))
                        (match-arm
                            (pats
                                (pat-lit
                                    (lit-dec)))
                            (block))
                        (match-arm
                            (pats
                                (pat-wild))
                            (block))))))))