(crate
    (items
        (fn-def
            (id
                (main))
            (block
                (let
                    (pat-mut-id
                        (id
                            (y)))
                    (type-i32)
                    (lit-dec))
                (match
                    (id
                        (y))
                    (match-arms
                        (match-arm
                            (pats
                                (pat-ref-id
                                    (id
                                        (x))))
                            (block
                                (id
                                    (x))))))
                (match
                    (id
                        (y))
                    (match-arms
                        (match-arm
                            (pats
                                (pat-ref-mut-id
                                    (id
                                        (x))))
                            (block
                                (id
                                    (x))))))
                (match
                    (id
                        (y))
                    (match-arms
                        (match-arm
                            (pats
                                (pat-mut-id
                                    (id
                                        (x))))
                            (block
                                (id
                                    (x))))))))))