(crate
    (items
        (fn-def
            (id
                (main))
            (block
                (let
                    (pat-id
                        (id
                            (z)))
                    (type-ref
                        (type-i32))
                    (addr-of
                        (neg
                            (lit-dec))))
                (match
                    (id
                        (z))
                    (match-arms
                        (match-arm
                            (pats
                                (pat-deref
                                    (pat-id
                                        (id
                                            (z)))))
                            (block
                                (id
                                    (z))))))))))