(crate
    (items
        (enum-def
            (id
                (Colors))
            (enum-ctor-defs
                (enum-ctor-def
                    (id
                        (Red)))
                (enum-ctor-def
                    (id
                        (Gold)))
                (enum-ctor-def
                    (id
                        (Violet)))))
        (fn-def
            (id
                (main))
            (block
                (match
                    (enum
                        (enum-ctor
                            (id
                                (Colors))
                            (id
                                (Red))))
                    (match-arms
                        (match-arm
                            (pats
                                (pat-enum
                                    (enum-ctor
                                        (id
                                            (Colors))
                                        (id
                                            (Red)))))
                            (block))
                        (match-arm
                            (pats
                                (pat-enum
                                    (enum-ctor
                                        (id
                                            (Colors))
                                        (id
                                            (Gold)))))
                            (block))
                        (match-arm
                            (pats
                                (pat-enum
                                    (enum-ctor
                                        (id
                                            (Colors))
                                        (id
                                            (Violet)))))
                            (block))))))))