(crate
    (items
        (enum-def
            (id
                (Either))
            (enum-ctor-defs
                (enum-ctor-def
                    (id
                        (Left))
                    (enum-ctor-params
                        (type-i32)))
                (enum-ctor-def
                    (id
                        (Right))
                    (enum-ctor-params
                        (type-bool)))))
        (fn-def
            (id
                (main))
            (block
                (let
                    (pat-id
                        (id
                            (x)))
                    (enum
                        (enum-ctor
                            (id
                                (Either))
                            (id
                                (Left)))
                        (enum-ctor-params
                            (lit-dec))))
                (match
                    (id
                        (x))
                    (match-arms
                        (match-arm
                            (pats
                                (pat-enum
                                    (enum-ctor
                                        (id
                                            (Either))
                                        (id
                                            (Left)))
                                    (pat-enum-ctor-params
                                        (pat-id
                                            (id
                                                (n))))))
                            (block
                                (lit-dec)
                                (id
                                    (n))
                                (lit-dec)))
                        (match-arm
                            (pats
                                (pat-enum
                                    (enum-ctor
                                        (id
                                            (Either))
                                        (id
                                            (Right)))
                                    (pat-enum-ctor-params
                                        (pat-id
                                            (id
                                                (n))))))
                            (block
                                (id
                                    (n))))))))))