(crate
    (items
        (fn-def
            (id
                (main))
            (block
                (let
                    (pat-id
                        (id
                            (a)))
                    (type-arr
                        (type-bool)
                        (lit-dec))
                    (arr
                        (exprs
                            (true)
                            (true)
                            (true))))
                (let
                    (pat-arr
                        (pat-arr-elems
                            (pat-mut-id
                                (id
                                    (x)))
                            (pat-id
                                (id
                                    (y)))
                            (pat-id
                                (id
                                    (z)))))
                    (id
                        (a)))
                (let
                    (pat-arr
                        (pat-arr-elems
                            (pat-arr
                                (pat-arr-elems
                                    (pat-mut-id
                                        (id
                                            (m)))))
                            (pat-arr
                                (pat-arr-elems
                                    (pat-mut-id
                                        (id
                                            (n)))))
                            (pat-arr
                                (pat-arr-elems
                                    (pat-mut-id
                                        (id
                                            (o)))))
                            (pat-arr
                                (pat-arr-elems
                                    (pat-mut-id
                                        (id
                                            (p)))))))
                    (arr
                        (exprs
                            (arr
                                (exprs
                                    (lit-dec)))
                            (arr
                                (exprs
                                    (lit-dec)))
                            (arr
                                (exprs
                                    (lit-dec)))
                            (arr
                                (exprs
                                    (lit-dec))))))
                (match
                    (arr
                        (exprs
                            (arr
                                (exprs
                                    (lit-dec)))
                            (arr
                                (exprs
                                    (lit-dec)))
                            (arr
                                (exprs
                                    (lit-dec)))
                            (arr
                                (exprs
                                    (lit-dec)))))
                    (match-arms
                        (match-arm
                            (pats
                                (pat-arr
                                    (pat-arr-elems
                                        (pat-wild)
                                        (pat-id
                                            (id
                                                (b)))
                                        (pat-id
                                            (id
                                                (c)))
                                        (pat-wild))))
                            (block
                                (add
                                    (add
                                        (add
                                            (id
                                                (m))
                                            (id
                                                (n)))
                                        (id
                                            (o)))
                                    (id
                                        (p)))))))
                (match
                    (arr
                        (exprs
                            (arr
                                (exprs
                                    (lit-dec)))))
                    (match-arms
                        (match-arm
                            (pats
                                (pat-arr
                                    (pat-arr-elems
                                        (pat-arr
                                            (pat-arr-elems
                                                (pat-lit
                                                    (lit-dec)))))))
                            (block))
                        (match-arm
                            (pats
                                (pat-arr
                                    (pat-arr-elems
                                        (pat-arr
                                            (pat-arr-elems
                                                (pat-id
                                                    (id
                                                        (x))))))))
                            (block))))))))